 
****************************************
Report : area
Design : mult32
Version: S-2021.06-SP5-4
Date   : Sat Mar 30 18:20:23 2024
****************************************

Library(s) Used:

    asap7sc7p5t_22b_INVBUF_RVT_TT_170906 (File: /home/aavyas1/libs/asap7libs/asap7libs_24/db/asap7sc7p5t_22b_INVBUF_RVT_TT_170906.db)
    asap7sc7p5t_22b_SIMPLE_RVT_TT_170906 (File: /home/aavyas1/libs/asap7libs/asap7libs_24/db/asap7sc7p5t_22b_SIMPLE_RVT_TT_170906.db)
    asap7sc7p5t_22b_OA_RVT_TT_170906 (File: /home/aavyas1/libs/asap7libs/asap7libs_24/db/asap7sc7p5t_22b_OA_RVT_TT_170906.db)
    asap7sc7p5t_22b_AO_RVT_TT_170906 (File: /home/aavyas1/libs/asap7libs/asap7libs_24/db/asap7sc7p5t_22b_AO_RVT_TT_170906.db)
    asap7sc7p5t_22b_SEQ_RVT_TT_170906 (File: /home/aavyas1/libs/asap7libs/asap7libs_24/db/asap7sc7p5t_22b_SEQ_RVT_TT_170906.db)

Number of ports:                          100
Number of nets:                          4264
Number of cells:                         3686
Number of combinational cells:           3653
Number of sequential cells:                33
Number of macros/black boxes:               0
Number of buf/inv:                       1583
Number of references:                      90

Combinational area:               5122.128939
Buf/Inv area:                     1247.581450
Noncombinational area:             158.863678
Macro/Black Box area:                0.000000
Net Interconnect area:      undefined  (No wire load specified)

Total cell area:                  5280.992617
Total area:                 undefined

Hierarchical area distribution
------------------------------

                                  Global cell area          Local cell area
                                  ------------------  ---------------------------- 
Hierarchical cell                 Absolute   Percent  Combi-     Noncombi-  Black-
                                  Total      Total    national   national   boxes   Design
--------------------------------  ---------  -------  ---------  ---------  ------  ---------
mult32                            5280.9926    100.0  5122.1289   158.8637  0.0000  mult32
--------------------------------  ---------  -------  ---------  ---------  ------  ---------
Total                                                 5122.1289   158.8637  0.0000


Area of detected synthetic parts
--------------------------------
  No DW parts to report!

Estimated area of ungrouped synthetic parts
-------------------------------------------
                            Estimated  Perc. of
  Module    Implem.  Count       Area cell area
  --------- -------  ----- ---------- ---------
  DW01_add      rpl      2    78.1488      1.5%
  DW01_ash      mx2      1   174.2601      3.3%
  DW01_cmp2     rpl      2     6.9984      0.1%
  DW01_cmp6     rpl      8    55.0541      1.0%
  DW01_inc      cla      2   201.5539      3.8%
  DW01_sub      cla      1    93.7786      1.8%
  DW01_sub      rpl      3    74.6496      1.4%
  DW02_mult     csa      1  3741.2957     70.8%
  --------- -------  ----- ---------- ---------
  Total:                20  4425.7392     83.8%

Total synthetic cell area:              4425.7392  83.8%  (estimated)

1
